<html>
<body>
<pre>
<h1>µVision Build Log</h1>
<h2>Tool Versions:</h2>
IDE-Version: µVision V5.28.0.0
Copyright (C) 2019 ARM Ltd and ARM Germany GmbH. All rights reserved.
License Information: Highyag Lasertechnologie II-VI Flex license: MDK Essential 5.28 (Flex) (mdk_essential) Support: Apr 2020
 
Tool Versions:
Toolchain:       MDK Essential 5.28 (Flex)  Version: 5.28.0.0
Toolchain Path:  C:\Keil_v5\ARM\ARMCLANG\Bin
C Compiler:      ArmClang.exe V6.12
Assembler:       Armasm.exe V6.12
Linker/Locator:  ArmLink.exe V6.12
Library Manager: ArmAr.exe V6.12
Hex Converter:   FromElf.exe V6.12
CPU DLL:         SARMCM3.DLL V5.28.0.0
Dialog DLL:      DCM.DLL V1.17.3.0
Target DLL:      STLink\ST-LINKIII-KEIL_SWO.dll V3.0.6.0
Dialog DLL:      TCM.DLL V1.36.2.0
 
<h2>Project:</h2>
C:\Daten\KeilProjects\AI\STM32F407TinyML\CubeMXAI\003MagicWand\MDK-ARM\STM32F407_AI.uvprojx
Project File Date:  03/04/2021

<h2>Output:</h2>
*** Using Compiler 'V6.12', folder: 'C:\Keil_v5\ARM\ARMCLANG\Bin'
Build target 'STM32F407_AI_EventRecorder'
compiling main.cpp...
linking...
STM32F407_AI\STM32F407_AI.axf: Warning: L6439W: Multiply defined Global Symbol std::__throw_length_error(const char*) defined in .text._ZSt20__throw_length_errorPKc(fast-dct-fft.o) rejected in favor of Symbol defined in .text._ZSt20__throw_length_errorPKc(main.o).
STM32F407_AI\STM32F407_AI.axf: Warning: L6439W: Multiply defined Global Symbol std::__throw_bad_function_call() defined in .text._ZSt25__throw_bad_function_callv(fast-dct-fft.o) rejected in favor of Symbol defined in .text._ZSt25__throw_bad_function_callv(main.o).
Program Size: Code=97932 RO-data=125292 RW-data=1992 ZI-data=25120  
Finished: 0 information, 2 warning and 0 error messages.
FromELF: creating hex file...
"STM32F407_AI\STM32F407_AI.axf" - 0 Error(s), 2 Warning(s).

<h2>Software Packages used:</h2>

Package Vendor: ARM
                http://www.keil.com/pack/ARM.CMSIS.5.6.0.pack
                ARM.CMSIS.5.6.0
                CMSIS (Cortex Microcontroller Software Interface Standard)
   * Component: CORE Version: 5.3.0

Package Vendor: Keil
                http://www.keil.com/pack/Keil.ARM_Compiler.1.6.2.pack
                Keil.ARM_Compiler.1.6.2
                Keil ARM Compiler extensions for ARM Compiler 5 and ARM Compiler 6
   * Component: Event Recorder Variant: DAP Version: 1.4.0

Package Vendor: Keil
                http://www.keil.com/pack/Keil.STM32F4xx_DFP.2.14.0.pack
                Keil.STM32F4xx_DFP.2.14.0
                STMicroelectronics STM32F4 Series Device Support, Drivers and Examples

<h2>Collection of Component include folders:</h2>
  .\RTE\Compiler
  .\RTE\_STM32F407_AI_EventRecorder
  C:\Keil_v5\ARM\PACK\ARM\CMSIS\5.6.0\CMSIS\Core\Include
  C:\Keil_v5\ARM\PACK\Keil\ARM_Compiler\1.6.2\Include
  C:\Keil_v5\ARM\PACK\Keil\STM32F4xx_DFP\2.14.0\Drivers\CMSIS\Device\ST\STM32F4xx\Include

<h2>Collection of Component Files used:</h2>

   * Component: ARM::CMSIS:CORE:5.3.0

   * Component: Keil.ARM Compiler::Compiler:Event Recorder:DAP:1.4.0
      Include file:  Config\EventRecorderConf.h
      Include file:  Include\EventRecorder.h
      Source file:   Source\EventRecorder.c
Build Time Elapsed:  00:00:25
</pre>
</body>
</html>
